******************************************************************************
                  TI ARM Linker Unix v20.2.7                   
******************************************************************************
>> Linked Sun Sep 22 23:09:33 2024

OUTPUT FILE NAME:   <Lab_6_embedded_2.out>
ENTRY POINT SYMBOL: "_c_int00_noargs"  address: 000005d5


MEMORY CONFIGURATION

         name            origin    length      used     unused   attr    fill
----------------------  --------  ---------  --------  --------  ----  --------
  FLASH                 00000000   00040000  00000642  0003f9be  R  X
  SRAM                  20000000   00008000  0000020d  00007df3  RW X


SEGMENT ALLOCATION MAP

run origin  load origin   length   init length attrs members
----------  ----------- ---------- ----------- ----- -------
00000000    00000000    00000648   00000648    r-x
  00000000    00000000    0000026c   0000026c    r-- .intvecs
  0000026c    0000026c    000003be   000003be    r-x .text
  00000630    00000630    00000018   00000018    r-- .cinit
20000000    20000000    0000020d   00000000    rw-
  20000000    20000000    00000200   00000000    rw- .stack
  20000200    20000200    0000000d   00000000    rw- .data


SECTION ALLOCATION MAP

 output                                  attributes/
section   page    origin      length       input sections
--------  ----  ----------  ----------   ----------------
.intvecs   0    00000000    0000026c     
                  00000000    0000026c     tm4c123gh6pm_startup_ccs.obj (.intvecs)

.text      0    0000026c    000003be     
                  0000026c    00000220     main.obj (.text)
                  0000048c    0000009c     rtsv7M4_T_le_v4SPD16_eabi.lib : memcpy_t2.asm.obj (.text)
                  00000528    00000068                                   : copy_decompress_lzss.c.obj (.text:decompress:lzss:__TI_decompress_lzss)
                  00000590    00000044                                   : autoinit.c.obj (.text:__TI_auto_init_nobinit_nopinit:__TI_auto_init_nobinit_nopinit)
                  000005d4    00000034                                   : boot_cortex_m.c.obj (.text:_c_int00_noargs:_c_int00_noargs)
                  00000608    0000000e                                   : copy_decompress_none.c.obj (.text:decompress:none:__TI_decompress_none)
                  00000616    0000000c     tm4c123gh6pm_startup_ccs.obj (.text)
                  00000622    00000004     rtsv7M4_T_le_v4SPD16_eabi.lib : pre_init.c.obj (.text:_system_pre_init)
                  00000626    00000004                                   : exit.c.obj (.text:abort:abort)

.cinit     0    00000630    00000018     
                  00000630    00000008     (.cinit..data.load) [load image, compression = lzss]
                  00000638    00000008     (__TI_handler_table)
                  00000640    00000008     (__TI_cinit_table)

.init_array 
*          0    00000000    00000000     UNINITIALIZED

.data      0    20000200    0000000d     UNINITIALIZED
                  20000200    0000000d     main.obj (.data)

.stack     0    20000000    00000200     UNINITIALIZED
                  20000000    00000004     rtsv7M4_T_le_v4SPD16_eabi.lib : boot_cortex_m.c.obj (.stack)
                  20000004    000001fc     --HOLE--

__llvm_prf_cnts 
*          0    20000000    00000000     UNINITIALIZED

MODULE SUMMARY

       Module                         code   ro data   rw data
       ------                         ----   -------   -------
    ./
       tm4c123gh6pm_startup_ccs.obj   12     620       0      
       main.obj                       544    0         13     
    +--+------------------------------+------+---------+---------+
       Total:                         556    620       13     
                                                              
    /Applications/ti/ccs1271/ccs/tools/compiler/ti-cgt-arm_20.2.7.LTS/lib/rtsv7M4_T_le_v4SPD16_eabi.lib
       memcpy_t2.asm.obj              156    0         0      
       copy_decompress_lzss.c.obj     104    0         0      
       autoinit.c.obj                 68     0         0      
       boot_cortex_m.c.obj            52     0         0      
       copy_decompress_none.c.obj     14     0         0      
       exit.c.obj                     4      0         0      
       pre_init.c.obj                 4      0         0      
    +--+------------------------------+------+---------+---------+
       Total:                         402    0         0      
                                                              
       Stack:                         0      0         512    
       Linker Generated:              0      24        0      
    +--+------------------------------+------+---------+---------+
       Grand Total:                   958    644       525    


LINKER GENERATED COPY TABLES

__TI_cinit_table @ 00000640 records: 1, size/record: 8, table size: 8
	.data: load addr=00000630, load size=00000008 bytes, run addr=20000200, run size=0000000d bytes, compression=lzss


LINKER GENERATED HANDLER TABLE

__TI_handler_table @ 00000638 records: 2, size/record: 4, table size: 8
	index: 0, handler: __TI_decompress_lzss
	index: 1, handler: __TI_decompress_none


GLOBAL SYMBOLS: SORTED ALPHABETICALLY BY Name 

address   name                          
-------   ----                          
00000627  C$$EXIT                       
00000293  Delay                         
000002cb  GPIOPortF_Handler             
00000617  ResetISR                      
0000026d  SysTick_Init                  
20000200  __STACK_END                   
00000200  __STACK_SIZE                  
20000200  __STACK_TOP                   
00000640  __TI_CINIT_Base               
00000648  __TI_CINIT_Limit              
00000638  __TI_Handler_Table_Base       
00000640  __TI_Handler_Table_Limit      
00000591  __TI_auto_init_nobinit_nopinit
00000529  __TI_decompress_lzss          
00000609  __TI_decompress_none          
ffffffff  __TI_pprof_out_hndl           
ffffffff  __TI_prof_data_size           
ffffffff  __TI_prof_data_start          
00000000  __TI_static_base__            
0000048d  __aeabi_memcpy                
0000048d  __aeabi_memcpy4               
0000048d  __aeabi_memcpy8               
ffffffff  __binit__                     
ffffffff  __c_args__                    
UNDEFED   __mpu_init                    
20000000  __stack                       
20000000  __start___llvm_prf_cnts       
20000000  __stop___llvm_prf_cnts        
000005d5  _c_int00_noargs               
UNDEFED   _system_post_cinit            
00000623  _system_pre_init              
00000627  abort                         
ffffffff  binit                         
2000020c  buttonPressed                 
20000204  cnt                           
20000200  d                             
00000000  g_pfnVectors                  
0000028d  getSysTickValue               
0000035f  main                          
0000048d  memcpy                        
20000208  pressTime                     


GLOBAL SYMBOLS: SORTED BY Symbol Address 

address   name                          
-------   ----                          
00000000  __TI_static_base__            
00000000  g_pfnVectors                  
00000200  __STACK_SIZE                  
0000026d  SysTick_Init                  
0000028d  getSysTickValue               
00000293  Delay                         
000002cb  GPIOPortF_Handler             
0000035f  main                          
0000048d  __aeabi_memcpy                
0000048d  __aeabi_memcpy4               
0000048d  __aeabi_memcpy8               
0000048d  memcpy                        
00000529  __TI_decompress_lzss          
00000591  __TI_auto_init_nobinit_nopinit
000005d5  _c_int00_noargs               
00000609  __TI_decompress_none          
00000617  ResetISR                      
00000623  _system_pre_init              
00000627  C$$EXIT                       
00000627  abort                         
00000638  __TI_Handler_Table_Base       
00000640  __TI_CINIT_Base               
00000640  __TI_Handler_Table_Limit      
00000648  __TI_CINIT_Limit              
20000000  __stack                       
20000000  __start___llvm_prf_cnts       
20000000  __stop___llvm_prf_cnts        
20000200  __STACK_END                   
20000200  __STACK_TOP                   
20000200  d                             
20000204  cnt                           
20000208  pressTime                     
2000020c  buttonPressed                 
ffffffff  __TI_pprof_out_hndl           
ffffffff  __TI_prof_data_size           
ffffffff  __TI_prof_data_start          
ffffffff  __binit__                     
ffffffff  __c_args__                    
ffffffff  binit                         
UNDEFED   __mpu_init                    
UNDEFED   _system_post_cinit            

[41 symbols]
